Scanning 175 store(s)…  (filters: {})

=== Prospect report (highest risk = best lead) ===

• feetoesshoes.com  [High 90]  57 products · 2188d old · no email found
    - No/thin refund policy (HIGH)
    - No public contact email (HIGH)
    - 47 product(s) with fake compare-at pricing (HIGH)
    - Fake urgency/scarcity on storefront (MED)
• nidhicookware.com  [High 83]  33 products · 87d old · no email found
    - No/thin refund policy (HIGH)
    - No public contact email (HIGH)
    - 2 product(s) with fake compare-at pricing (HIGH)
    - Many products missing descriptions (MED)
• colorbarcosmetics.com  [High 71]  218 products · 318d old · support@colorbarcosmetics.com
    - No/thin refund policy (HIGH)
    - 1 product(s) with fake compare-at pricing (HIGH)
    - 4 product image(s) under 500px (MED)
    - Many products missing descriptions (MED)
• kochenessential.com  [High 68]  250 products · 1869d old · no email found
    - No public contact email (HIGH)
    - 2 product(s) with fake compare-at pricing (HIGH)
    - Fake urgency/scarcity on storefront (MED)
    - 3 product image(s) under 500px (MED)
• organity.in  [High 60]  28 products · 1073d old · no email found
    - No public contact email (HIGH)
    - 2 product(s) with fake compare-at pricing (HIGH)
    - Fake urgency/scarcity on storefront (MED)
• docsneakers.in  [High 60]  28 products · 1438d old · no email found
    - No public contact email (HIGH)
    - 2 product(s) with fake compare-at pricing (HIGH)
    - Fake urgency/scarcity on storefront (MED)
• saikostationery.com  [High 60]  250 products · 957d old · no email found
    - No public contact email (HIGH)
    - 3 product(s) with fake compare-at pricing (HIGH)
    - Fake urgency/scarcity on storefront (MED)
• kohveyewear.com  [High 60]  246 products · 3063d old · no email found
    - No public contact email (HIGH)
    - 33 product(s) with fake compare-at pricing (HIGH)
    - Fake urgency/scarcity on storefront (MED)
• karghaindia.in  [High 55]  134 products · 1039d old · xxx@xxx.xxx
    - No/thin refund policy (HIGH)
    - 36 product(s) with fake compare-at pricing (HIGH)
• skinluv.in  [High 53]  162 products · 2214d old · no email found
    - No public contact email (HIGH)
    - 9 product(s) with fake compare-at pricing (HIGH)
    - 2 product image(s) under 500px (MED)
• zishta.com  [High 53]  250 products · 1583d old · no email found
    - No public contact email (HIGH)
    - 162 product(s) with fake compare-at pricing (HIGH)
    - 4 product image(s) under 500px (MED)
• shop-ourkids.com  [High 53]  250 products · 1208d old · no email found
    - No public contact email (HIGH)
    - 2 product(s) with fake compare-at pricing (HIGH)
    - 2 product image(s) under 500px (MED)
• nicheshoe.in  [High 53]  157 products · 2449d old · no email found
    - No public contact email (HIGH)
    - 28 product(s) with fake compare-at pricing (HIGH)
    - 1 product image(s) under 500px (MED)
• talentedfriendsboutique.com  [High 53]  250 products · 3121d old · no email found
    - No public contact email (HIGH)
    - 19 product(s) with fake compare-at pricing (HIGH)
    - 2 product image(s) under 500px (MED)
• gossamergear.com  [High 53]  131 products · 3563d old · no email found
    - No public contact email (HIGH)
    - 4 product(s) with fake compare-at pricing (HIGH)
    - 1 product image(s) under 500px (MED)
• shop.kettlesyard.co.uk  [High 53]  231 products · 3013d old · no email found
    - No public contact email (HIGH)
    - 49 product(s) with fake compare-at pricing (HIGH)
    - 2 product image(s) under 500px (MED)
• beeshop.ltd  [High 53]  250 products · 2262d old · no email found
    - No public contact email (HIGH)
    - 3 product(s) with fake compare-at pricing (HIGH)
    - 9 product image(s) under 500px (MED)
• shopashleys.com  [High 53]  250 products · 1624d old · no email found
    - No public contact email (HIGH)
    - 240 product(s) with fake compare-at pricing (HIGH)
    - 8 product image(s) under 500px (MED)
• inbreathe.in  [High 50]  28 products · 2134d old · no email found
    - No/thin refund policy (HIGH)
    - No public contact email (HIGH)
• junggardencenters.com  [High 50]  0 products · age ? · no email found
    - No/thin refund policy (HIGH)
    - No public contact email (HIGH)
• emilypets.co  [High 48]  250 products · 1890d old · info@cature.in
    - 105 product(s) with fake compare-at pricing (HIGH)
    - Fake urgency/scarcity on storefront (MED)
    - 4 product image(s) under 500px (MED)
• insidestory.ca  [High 48]  250 products · 1868d old · lida@insidestory.ca
    - 4 product(s) with fake compare-at pricing (HIGH)
    - Fake urgency/scarcity on storefront (MED)
    - 1 product image(s) under 500px (MED)
• houseplantshop.com  [High 48]  250 products · 2957d old · info@houseplantshop.com
    - 15 product(s) with fake compare-at pricing (HIGH)
    - Fake urgency/scarcity on storefront (MED)
    - 4 product image(s) under 500px (MED)
• putaplantonit.shop  [High 46]  27 products · 2031d old · lake.effect.gardener@gmail.com
    - No/thin refund policy (HIGH)
    - 1 product image(s) under 500px (MED)
    - Many products missing descriptions (MED)
• madewithspin.com  [High 45]  250 products · 3408d old · no email found
    - No public contact email (HIGH)
    - 210 product(s) with fake compare-at pricing (HIGH)
• pandajewelrystore.com  [High 45]  250 products · 551d old · no email found
    - No public contact email (HIGH)
    - 43 product(s) with fake compare-at pricing (HIGH)
• cossetclothing.com  [High 45]  112 products · 1846d old · no email found
    - No public contact email (HIGH)
    - 32 product(s) with fake compare-at pricing (HIGH)
• originone.in  [High 45]  243 products · 3860d old · no email found
    - No public contact email (HIGH)
    - 5 product(s) with fake compare-at pricing (HIGH)
• thesnackcompany.in  [High 45]  57 products · 2086d old · no email found
    - No public contact email (HIGH)
    - 29 product(s) with fake compare-at pricing (HIGH)
• foodsmith.in  [High 45]  250 products · 2000d old · no email found
    - No public contact email (HIGH)
    - 1 product(s) with fake compare-at pricing (HIGH)
• shutterandframe.com  [High 45]  250 products · 1495d old · no email found
    - No public contact email (HIGH)
    - 250 product(s) with fake compare-at pricing (HIGH)
• gaiam.com  [High 45]  142 products · 3368d old · no email found
    - No public contact email (HIGH)
    - 1 product(s) with fake compare-at pricing (HIGH)
• posterandframe.com  [High 43]  250 products · 1022d old · no email found
    - No public contact email (HIGH)
    - Fake urgency/scarcity on storefront (MED)
    - Many products missing descriptions (MED)
• thebeautyworldstore.com  [High 41]  250 products · 681d old · thebeautyworld.business@gmail.com
    - 2 product(s) with fake compare-at pricing (HIGH)
    - 4 product image(s) under 500px (MED)
    - Many products missing descriptions (MED)
• thebuzzatgreenhill.com  [High 41]  250 products · 1687d old · thebuzz@greenhill.org
    - 23 product(s) with fake compare-at pricing (HIGH)
    - 64 product image(s) under 500px (MED)
    - Many products missing descriptions (MED)
• home360stores.com  [High 40]  250 products · 736d old · files@quinn-live.bundle.js
    - 5 product(s) with fake compare-at pricing (HIGH)
    - Fake urgency/scarcity on storefront (MED)
• basilpetcare.com  [High 40]  240 products · 1590d old · contact@thebasil.in
    - 14 product(s) with fake compare-at pricing (HIGH)
    - Fake urgency/scarcity on storefront (MED)
• radlvng.com  [High 40]  250 products · 2028d old · hello@radlvng.com
    - 65 product(s) with fake compare-at pricing (HIGH)
    - Fake urgency/scarcity on storefront (MED)
• alcissports.com  [High 40]  250 products · 1742d old · info@alcissports.com
    - 12 product(s) with fake compare-at pricing (HIGH)
    - Fake urgency/scarcity on storefront (MED)
• thegoodpatch.com  [High 40]  43 products · 2929d old · info@lamend.com
    - 17 product(s) with fake compare-at pricing (HIGH)
    - Fake urgency/scarcity on storefront (MED)
• felina.com  [High 40]  250 products · 3202d old · support@felina.com
    - 117 product(s) with fake compare-at pricing (HIGH)
    - Fake urgency/scarcity on storefront (MED)
• lexandleviepetsupplies.com  [Medium 38]  141 products · 243d old · info.lexandlevie@gmail.com
    - No/thin refund policy (HIGH)
    - 17 product image(s) under 500px (MED)
• thebrewcoffeeshop.ca  [Medium 38]  2 products · 847d old · commonground@ams.queensu.ca
    - No/thin refund policy (HIGH)
    - Many products missing descriptions (MED)
• vt-cosmetics.in  [Medium 35]  90 products · 349d old · no email found
    - No public contact email (HIGH)
    - Fake urgency/scarcity on storefront (MED)
• hypereffekt.com  [Medium 35]  0 products · age ? · hello@hypereffekt.com
    - No/thin refund policy (HIGH)
    - No visible payment/trust badges (LOW)
• nuuva.us  [Medium 35]  10 products · 1913d old · no email found
    - No public contact email (HIGH)
    - Fake urgency/scarcity on storefront (MED)
• mobilecasez.com  [Medium 33]  250 products · 1077d old · info@mobilecasez.com
    - 1 product(s) with fake compare-at pricing (HIGH)
    - 14 product image(s) under 500px (MED)
• trdst.co  [Medium 33]  250 products · 0d old · cs@trdst.co
    - 4 product(s) with fake compare-at pricing (HIGH)
    - 227 product image(s) under 500px (MED)
• furnisquare.com  [Medium 33]  250 products · 343d old · info@furnisquare.com
    - 2 product(s) with fake compare-at pricing (HIGH)
    - 2 product image(s) under 500px (MED)
• classiccoffees.in  [Medium 33]  65 products · 2878d old · info@classiccoffees.in
    - 7 product(s) with fake compare-at pricing (HIGH)
    - 1 product image(s) under 500px (MED)
• bamboologytrends.com  [Medium 33]  199 products · 2012d old · connect@bamboologytrends.com
    - 2 product(s) with fake compare-at pricing (HIGH)
    - 4 product image(s) under 500px (MED)
• mycookwareshop.com  [Medium 33]  250 products · 1920d old · info@mycookwareshop.com
    - 9 product(s) with fake compare-at pricing (HIGH)
    - 49 product image(s) under 500px (MED)
• etbykayal.com  [Medium 33]  230 products · 743d old · help@etbykayal.com
    - 14 product(s) with fake compare-at pricing (HIGH)
    - 1 product image(s) under 500px (MED)
• hopscotchstore.com  [Medium 33]  250 products · 3848d old · info@hopscotchstore.com
    - 1 product(s) with fake compare-at pricing (HIGH)
    - 1 product image(s) under 500px (MED)
• samstoy.in  [Medium 33]  250 products · 1681d old · support@samstoy.in
    - 2 product(s) with fake compare-at pricing (HIGH)
    - 16 product image(s) under 500px (MED)
• dulaar.co  [Medium 33]  250 products · 1385d old · shop@dulaar.co
    - 10 product(s) with fake compare-at pricing (HIGH)
    - 1 product image(s) under 500px (MED)
• bbag.in  [Medium 33]  250 products · 96d old · info@stagheaddesigns.com
    - 71 product(s) with fake compare-at pricing (HIGH)
    - 19 product image(s) under 500px (MED)
• stationeryplug.com  [Medium 33]  250 products · 1561d old · help.stationeryplug@gmail.com
    - 53 product(s) with fake compare-at pricing (HIGH)
    - 23 product image(s) under 500px (MED)
• gifthubmart.com  [Medium 33]  250 products · 1122d old · gifthubmart@gmail.com
    - 1 product(s) with fake compare-at pricing (HIGH)
    - 1 product image(s) under 500px (MED)
• makaibari.in  [Medium 33]  83 products · 2651d old · info@makaibari.com
    - 11 product(s) with fake compare-at pricing (HIGH)
    - 6 product image(s) under 500px (MED)
• worldofwatchesindia.com  [Medium 33]  250 products · 353d old · wowwm.gur@outlook.com
    - 250 product(s) with fake compare-at pricing (HIGH)
    - 250 product image(s) under 500px (MED)
• heynezzie.com  [Medium 33]  238 products · 2268d old · contact@heynezzie.com
    - 2 product(s) with fake compare-at pricing (HIGH)
    - 9 product image(s) under 500px (MED)
• shopatthemix.com  [Medium 33]  250 products · 92d old · caroline@shopatthemix.com
    - 1 product(s) with fake compare-at pricing (HIGH)
    - 2 product image(s) under 500px (MED)
• pgytech.com  [Medium 33]  169 products · 2550d old · service@pgytech.com
    - 78 product(s) with fake compare-at pricing (HIGH)
    - 2 product image(s) under 500px (MED)
• outdoorvitals.com  [Medium 33]  219 products · 3338d old · support@outdoorvitals.com
    - 104 product(s) with fake compare-at pricing (HIGH)
    - 6 product image(s) under 500px (MED)
• ridgeandriver.com  [Medium 33]  250 products · 1116d old · hello@ridgeandriver.com
    - 247 product(s) with fake compare-at pricing (HIGH)
    - 56 product image(s) under 500px (MED)
• autofashion-usa.com  [Medium 33]  250 products · 1102d old · john@email.com
    - 2 product(s) with fake compare-at pricing (HIGH)
    - 12 product image(s) under 500px (MED)
• topdrawerlingerie.com  [Medium 33]  250 products · 3381d old · info@topdrawerlingerie.com
    - 244 product(s) with fake compare-at pricing (HIGH)
    - 1 product image(s) under 500px (MED)
• greatgardenplants.com  [Medium 33]  250 products · 2046d old · claims@greatgardenplants.com
    - 1 product(s) with fake compare-at pricing (HIGH)
    - 1 product image(s) under 500px (MED)
• pixiesgardens.com  [Medium 33]  250 products · 2513d old · cs@pixiesgardens.com
    - 3 product(s) with fake compare-at pricing (HIGH)
    - 6 product image(s) under 500px (MED)
• boconcept.com  [Medium 30]  0 products · age ? · support@boconcept.com
    - No/thin refund policy (HIGH)
• theskincarelibrary.com  [Medium 30]  250 products · 1074d old · info@tscl.com.qa
    - No/thin refund policy (HIGH)
• maznash.com  [Medium 30]  22 products · 484d old · maznash@outlook.com
    - No/thin refund policy (HIGH)
• thecraftroot.com  [Medium 28]  36 products · 713d old · no email found
    - No public contact email (HIGH)
    - 1 product image(s) under 500px (MED)
• theumbrellastore.in  [Medium 28]  250 products · 1407d old · no email found
    - No public contact email (HIGH)
    - 4 product image(s) under 500px (MED)
• greenheirloom.in  [Medium 28]  76 products · 2117d old · no email found
    - No public contact email (HIGH)
    - 2 product image(s) under 500px (MED)
• mmtoyworld.com  [Medium 28]  250 products · 1140d old · no email found
    - No public contact email (HIGH)
    - 10 product image(s) under 500px (MED)
• fugazee.com  [Medium 28]  250 products · 2634d old · no email found
    - No public contact email (HIGH)
    - 1 product image(s) under 500px (MED)
• pennstatebakery.com  [Medium 28]  58 products · 2893d old · no email found
    - No public contact email (HIGH)
    - 2 product image(s) under 500px (MED)
• minaturewellness.com  [Medium 25]  125 products · 1075d old · info@minatureherbal.com
    - 6 product(s) with fake compare-at pricing (HIGH)
• anaayacosmetics.com  [Medium 25]  55 products · 934d old · ecom.anaaya@gmail.com
    - 6 product(s) with fake compare-at pricing (HIGH)
• beminimalist.co  [Medium 25]  75 products · 2170d old · help@beminimalist.co
    - 4 product(s) with fake compare-at pricing (HIGH)
• wags4whiskers.com  [Medium 25]  217 products · 946d old · wags4whiskers@gmail.com
    - 1 product(s) with fake compare-at pricing (HIGH)
• petsnpets.com  [Medium 25]  142 products · 1417d old · customercare@petsnpets.com
    - 25 product(s) with fake compare-at pricing (HIGH)
• ekamonline.com  [Medium 25]  250 products · 3295d old · cs@ekamonline.com
    - 124 product(s) with fake compare-at pricing (HIGH)
• wodarmour.in  [Medium 25]  250 products · 3529d old · sales@wodarmour.in
    - 1 product(s) with fake compare-at pricing (HIGH)
• strch.com  [Medium 25]  250 products · 178d old · n@strch.active
    - 121 product(s) with fake compare-at pricing (HIGH)
• houseofmakeup.com  [Medium 25]  67 products · 1122d old · support@houseofmakeup.com
    - 6 product(s) with fake compare-at pricing (HIGH)
• allthingsbaby.com  [Medium 25]  250 products · 1968d old · care@allthingsbaby.com
    - 238 product(s) with fake compare-at pricing (HIGH)
• thecollectionindia.com  [Medium 25]  250 products · 981d old · info@thecollectionindia.com
    - 3 product(s) with fake compare-at pricing (HIGH)
• berrylush.com  [Medium 25]  250 products · 443d old · support@berrylush.com
    - 1 product(s) with fake compare-at pricing (HIGH)
• delcoshoes.com  [Medium 25]  250 products · 1610d old · customercare@delcoshoes.com
    - 161 product(s) with fake compare-at pricing (HIGH)
• dappershoes.in  [Medium 25]  30 products · 3796d old · support@dappershoes.in
    - 22 product(s) with fake compare-at pricing (HIGH)
• thespringpalette.com  [Medium 25]  250 products · 2169d old · thespringpalette@gmail.com
    - 16 product(s) with fake compare-at pricing (HIGH)
• udyantea.com  [Medium 25]  120 products · 2505d old · support@udyantea.com
    - 21 product(s) with fake compare-at pricing (HIGH)
• chaayos.com  [Medium 25]  61 products · 1927d old · bazaar@chaayos.com
    - 24 product(s) with fake compare-at pricing (HIGH)
• mintritea.com  [Medium 25]  25 products · 1342d old · care@mintritea.com
    - 1 product(s) with fake compare-at pricing (HIGH)
• dharavimarket.com  [Medium 25]  250 products · 979d old · teamdharavimarket@gmail.com
    - 21 product(s) with fake compare-at pricing (HIGH)
• calonge-group.com  [Medium 25]  250 products · 670d old · calonge@calonge.in
    - 21 product(s) with fake compare-at pricing (HIGH)
• shopmistry.com  [Medium 25]  170 products · 1445d old · customercare@shopmistry.com
    - 32 product(s) with fake compare-at pricing (HIGH)
• ohsnap.com  [Medium 25]  42 products · 2378d old · u003esupport@ohsnap.com
    - 5 product(s) with fake compare-at pricing (HIGH)
• spycentre.com  [Medium 25]  71 products · 3822d old · orders@spycentre.com
    - 1 product(s) with fake compare-at pricing (HIGH)
• fosteroutdoor.com  [Medium 25]  105 products · 2626d old · info@fosteroutdoor.com
    - 6 product(s) with fake compare-at pricing (HIGH)
• minimalgear.com  [Medium 25]  87 products · 2980d old · contact@minimalgear.com
    - 1 product(s) with fake compare-at pricing (HIGH)
• nextadventure.net  [Medium 25]  4 products · 1006d old · customerservice@nextadventure.net
    - 2 product(s) with fake compare-at pricing (HIGH)
• opticnerve.com  [Medium 25]  103 products · 3643d old · billpoupart@opticnerve.com
    - 3 product(s) with fake compare-at pricing (HIGH)
• catriona.com  [Medium 25]  250 products · 938d old · customercare@catriona.com
    - 239 product(s) with fake compare-at pricing (HIGH)
• bibamba.com  [Medium 25]  44 products · 1976d old · mara@bibamba.com
    - 1 product(s) with fake compare-at pricing (HIGH)
• thepurpleturtles.com  [Medium 23]  250 products · 2717d old · info@thepurpleturtles.com
    - Fake urgency/scarcity on storefront (MED)
    - Many products missing descriptions (MED)
• jolgeractive.com  [Medium 20]  146 products · 1175d old · no email found
    - No public contact email (HIGH)
• hookandeyeuk.com  [Medium 20]  19 products · 1752d old · no email found
    - No public contact email (HIGH)
• zaydns.com  [Medium 20]  51 products · 1066d old · no email found
    - No public contact email (HIGH)
• celes-te.com  [Medium 20]  45 products · 2210d old · no email found
    - No public contact email (HIGH)
• dicksonsgiftshop.com  [Medium 20]  250 products · 163d old · no email found
    - No public contact email (HIGH)
• catstudio.com  [Medium 20]  250 products · 2668d old · no email found
    - No public contact email (HIGH)
• carveeyewear.com  [Medium 20]  212 products · 185d old · no email found
    - No public contact email (HIGH)
• paradigmeyewear.com  [Medium 20]  135 products · 1688d old · no email found
    - No public contact email (HIGH)
• evewellness.com  [Medium 20]  54 products · 1065d old · no email found
    - No public contact email (HIGH)
• mcfeelysgourmetchocolate.com  [Medium 20]  49 products · 1928d old · no email found
    - No public contact email (HIGH)
• furelisepets.com  [Low 15]  175 products · 390d old · info@furelisepets.com
    - Fake urgency/scarcity on storefront (MED)
• wuuffandmeow.com  [Low 15]  51 products · 143d old · enquire@wuuffandmeow.com
    - Fake urgency/scarcity on storefront (MED)
• silvertraq.com  [Low 15]  250 products · 2567d old · files@quinn-live.bundle.js
    - Fake urgency/scarcity on storefront (MED)
• shopzira.in  [Low 15]  7 products · 356d old · pratham@shopzira.in
    - Fake urgency/scarcity on storefront (MED)
• styleanny.in  [Low 15]  250 products · 398d old · happytohelp@styleanny.in
    - Fake urgency/scarcity on storefront (MED)
• theblackcanvas.in  [Low 15]  188 products · 3524d old · info@theblackcanvas.in
    - Fake urgency/scarcity on storefront (MED)
• perona.com  [Low 15]  250 products · 1333d old · connect@perona.com
    - Fake urgency/scarcity on storefront (MED)
• sugarandcanvas.com  [Low 15]  250 products · 93d old · support@sugarandcanvas.com
    - Fake urgency/scarcity on storefront (MED)
• louswim.com  [Low 15]  145 products · 1899d old · info@louswim.com
    - Fake urgency/scarcity on storefront (MED)
• vestachocolate.com  [Low 15]  48 products · 2389d old · hi@email.com
    - Fake urgency/scarcity on storefront (MED)
• thehomecostore.com  [Low 8]  250 products · 523d old · thehomeco1101@gmail.com
    - 4 product image(s) under 500px (MED)
• bearhugsofficial.com  [Low 8]  63 products · 1188d old · info@bearhugsofficial.com
    - 2 product image(s) under 500px (MED)
• arttdinox.com  [Low 8]  250 products · 1521d old · contact@jindallifestyle.com
    - 7 product image(s) under 500px (MED)
• viaanakidsstore.com  [Low 8]  250 products · 1576d old · viaanakidsstore@gmail.com
    - 8 product image(s) under 500px (MED)
• thesustainableshop.ca  [Low 8]  193 products · 667d old · info@thesustainableshop.ca
    - 6 product image(s) under 500px (MED)
• naturessoulshop.com  [Low 8]  250 products · 553d old · contact@naturessoulshop.com
    - 7 product image(s) under 500px (MED)
• isomarsshop.in  [Low 8]  250 products · 2801d old · ranjanisomars@gmail.com
    - 4 product image(s) under 500px (MED)
• hikerhunger.com  [Low 8]  17 products · 3704d old · hello@hikerhunger.com
    - 1 product image(s) under 500px (MED)
• loweredlifestyle.com  [Low 8]  250 products · 854d old · sales@loweredlifestyle.com
    - 10 product image(s) under 500px (MED)
• partsvia.com  [Low 8]  250 products · 65d old · customerservice@partsvia.com
    - 87 product image(s) under 500px (MED)
• oemcarpartsus.com  [Low 8]  250 products · 20d old · info@oemcarpartsus.com
    - 1 product image(s) under 500px (MED)
• mindflowers.shop  [Low 8]  250 products · 1847d old · help@mindflowers.shop
    - 1 product image(s) under 500px (MED)
• modo.com  [Low 8]  249 products · 1126d old · clientrelations@modo.com
    - 5 product image(s) under 500px (MED)
• societylingerie.com  [Low 8]  139 products · 1714d old · info@societylingerie.com
    - 2 product image(s) under 500px (MED)
• thechocolateroombrooklyn.com  [Low 8]  44 products · 1739d old · info@thechocolateroombrooklyn.com
    - 1 product image(s) under 500px (MED)
• mastmarket.com  [Low 8]  44 products · 1042d old · hello@mastmarket.com
    - 10 product image(s) under 500px (MED)
• thegoldentriangle.store  [Low 0]  250 products · 1059d old · sales@thegoldentriangle.store
• enamorardecor.com  [Low 0]  156 products · 122d old · wecare@enamorardecor.com
• daamaira.com  [Low 0]  250 products · 520d old · hello@daamaira.com
• shophomeedition.com  [? 0]  0 products · age ? · no email found
    - unreachable / not public
• yellowverandah.in  [Low 0]  250 products · 2182d old · %20care@yellowverandah.in
• emmysbestpets.com  [Low 0]  11 products · 3076d old · support@emmysbestpets.com
• nookstore.in  [Low 0]  21 products · 181d old · contactthenookstore@gmail.com
• mikeydapparel.com  [Low 0]  54 products · 3405d old · info@mikeydapparel.com
• shopwithpraylady.com  [Low 0]  153 products · 1209d old · sales@praylady.com
• yoursustainablestore.com  [? 0]  0 products · age ? · no email found
    - unreachable / not public
• qieco.com  [Low 0]  19 products · 2172d old · hello@qieco.com
• aniclothing.in  [? 0]  0 products · age ? · no email found
    - unreachable / not public
• topperskit.com  [Low 0]  250 products · 698d old · support@topperskit.com
• khoyamithai.com  [Low 0]  141 products · 2097d old · contact@khoyamithai.com
• myalmari.in  [Low 0]  250 products · 574d old · contact@myalmari.in
• backcountryessentials.net  [Low 0]  250 products · 516d old · info@backcountryessentials.net
• walkaboutoutfitter.com  [Low 0]  250 products · 76d old · info@walkaboutoutfitter.com
• classicaccessories.com  [Low 0]  250 products · 73d old · customerservice@classicaccessories.com
• ohanamoderndecor.com  [Low 0]  250 products · 132d old · support@ohanamoderndecor.com
• wallartset.com  [Low 0]  250 products · 707d old · sales@wallartset.com
• shelfloveco.com  [Low 0]  250 products · 506d old · hello@shelfloveco.com
• artwise.co  [Low 0]  250 products · 2059d old · tuffselectph@gmail.com
• raen.com  [Low 0]  250 products · 1955d old · %20info@raen.com
• infiniteyewear.com  [Low 0]  250 products · 875d old · hello@infiniteyewear.com
• daxeyewear.com  [Low 0]  46 products · 2032d old · hello@daxeyewear.com
• macv.in  [Low 0]  206 products · 1080d old · hello@macv.in
• tvlashop.com  [Low 0]  15 products · 3075d old · info@tvlashop.com
• matthewjonesceramics.com  [Low 0]  66 products · 1075d old · hello@matthewjonesceramics.com
• tinasfinelingerie.com  [? 0]  0 products · age ? · no email found
    - unreachable / not public
• gabriellaplants.com  [Low 0]  250 products · 2751d old · orders@gabriellaplants.com

CSV written to /Users/rishisamadhiya/Desktop/Files/Personal/Shopify Apps/fix-merchant-center-app/tools/prospect-report.csv  (175 stores)
